[2020-11-07T08:23:22.485-0800][gc,heap] Heap region size: 1M
[2020-11-07T08:23:22.496-0800][gc     ] Using G1
[2020-11-07T08:23:22.496-0800][gc,heap,coops] Heap address: 0x00000000c0000000, size: 1024 MB, Compressed Oops mode: 32-bit
[2020-11-07T08:23:22.496-0800][gc,cds       ] Mark closed archive regions in map: [0x00000000fff00000, 0x00000000fff6aff8]
[2020-11-07T08:23:22.496-0800][gc,cds       ] Mark open archive regions in map: [0x00000000ffe00000, 0x00000000ffe46ff8]
[2020-11-07T08:23:23.838-0800][gc,start     ] GC(0) Pause Young (Normal) (G1 Evacuation Pause)
[2020-11-07T08:23:23.838-0800][gc,task      ] GC(0) Using 4 workers of 4 for evacuation
[2020-11-07T08:23:23.852-0800][gc,phases    ] GC(0)   Pre Evacuate Collection Set: 0.0ms
[2020-11-07T08:23:23.852-0800][gc,phases    ] GC(0)   Evacuate Collection Set: 13.5ms
[2020-11-07T08:23:23.852-0800][gc,phases    ] GC(0)   Post Evacuate Collection Set: 0.4ms
[2020-11-07T08:23:23.852-0800][gc,phases    ] GC(0)   Other: 0.6ms
[2020-11-07T08:23:23.852-0800][gc,heap      ] GC(0) Eden regions: 51->0(44)
[2020-11-07T08:23:23.852-0800][gc,heap      ] GC(0) Survivor regions: 0->7(7)
[2020-11-07T08:23:23.852-0800][gc,heap      ] GC(0) Old regions: 2->2
[2020-11-07T08:23:23.852-0800][gc,heap      ] GC(0) Humongous regions: 0->0
[2020-11-07T08:23:23.852-0800][gc,metaspace ] GC(0) Metaspace: 16281K->16281K(1064960K)
[2020-11-07T08:23:23.852-0800][gc           ] GC(0) Pause Young (Normal) (G1 Evacuation Pause) 51M->7M(1024M) 14.635ms
[2020-11-07T08:23:23.852-0800][gc,cpu       ] GC(0) User=0.05s Sys=0.00s Real=0.01s
[2020-11-07T08:23:24.223-0800][gc,start     ] GC(1) Pause Young (Concurrent Start) (Metadata GC Threshold)
[2020-11-07T08:23:24.223-0800][gc,task      ] GC(1) Using 4 workers of 4 for evacuation
[2020-11-07T08:23:24.235-0800][gc,phases    ] GC(1)   Pre Evacuate Collection Set: 0.0ms
[2020-11-07T08:23:24.235-0800][gc,phases    ] GC(1)   Evacuate Collection Set: 11.0ms
[2020-11-07T08:23:24.235-0800][gc,phases    ] GC(1)   Post Evacuate Collection Set: 0.5ms
[2020-11-07T08:23:24.235-0800][gc,phases    ] GC(1)   Other: 0.2ms
[2020-11-07T08:23:24.235-0800][gc,heap      ] GC(1) Eden regions: 19->0(50)
[2020-11-07T08:23:24.235-0800][gc,heap      ] GC(1) Survivor regions: 7->1(7)
[2020-11-07T08:23:24.235-0800][gc,heap      ] GC(1) Old regions: 2->9
[2020-11-07T08:23:24.235-0800][gc,heap      ] GC(1) Humongous regions: 0->0
[2020-11-07T08:23:24.235-0800][gc,metaspace ] GC(1) Metaspace: 20657K->20657K(1067008K)
[2020-11-07T08:23:24.235-0800][gc           ] GC(1) Pause Young (Concurrent Start) (Metadata GC Threshold) 25M->7M(1024M) 11.900ms
[2020-11-07T08:23:24.235-0800][gc,cpu       ] GC(1) User=0.02s Sys=0.02s Real=0.02s
[2020-11-07T08:23:24.235-0800][gc           ] GC(2) Concurrent Cycle
[2020-11-07T08:23:24.235-0800][gc,marking   ] GC(2) Concurrent Clear Claimed Marks
[2020-11-07T08:23:24.235-0800][gc,marking   ] GC(2) Concurrent Clear Claimed Marks 0.065ms
[2020-11-07T08:23:24.235-0800][gc,marking   ] GC(2) Concurrent Scan Root Regions
[2020-11-07T08:23:24.236-0800][gc,marking   ] GC(2) Concurrent Scan Root Regions 1.139ms
[2020-11-07T08:23:24.236-0800][gc,marking   ] GC(2) Concurrent Mark (1.754s)
[2020-11-07T08:23:24.236-0800][gc,marking   ] GC(2) Concurrent Mark From Roots
[2020-11-07T08:23:24.236-0800][gc,task      ] GC(2) Using 1 workers of 1 for marking
[2020-11-07T08:23:24.256-0800][gc,marking   ] GC(2) Concurrent Mark From Roots 20.285ms
[2020-11-07T08:23:24.256-0800][gc,marking   ] GC(2) Concurrent Preclean
[2020-11-07T08:23:24.256-0800][gc,marking   ] GC(2) Concurrent Preclean 0.161ms
[2020-11-07T08:23:24.256-0800][gc,marking   ] GC(2) Concurrent Mark (1.754s, 1.775s) 20.520ms
[2020-11-07T08:23:24.309-0800][gc,start     ] GC(2) Pause Remark
[2020-11-07T08:23:24.311-0800][gc,stringtable] GC(2) Cleaned string and symbol table, strings: 5054 processed, 0 removed, symbols: 50314 processed, 52 removed
[2020-11-07T08:23:24.311-0800][gc            ] GC(2) Pause Remark 137M->137M(1024M) 2.379ms
[2020-11-07T08:23:24.311-0800][gc,cpu        ] GC(2) User=0.00s Sys=0.00s Real=0.00s
[2020-11-07T08:23:24.311-0800][gc,marking    ] GC(2) Concurrent Rebuild Remembered Sets
[2020-11-07T08:23:24.317-0800][gc,marking    ] GC(2) Concurrent Rebuild Remembered Sets 5.574ms
[2020-11-07T08:23:24.317-0800][gc,start      ] GC(2) Pause Cleanup
[2020-11-07T08:23:24.317-0800][gc            ] GC(2) Pause Cleanup 137M->137M(1024M) 0.208ms
[2020-11-07T08:23:24.317-0800][gc,cpu        ] GC(2) User=0.00s Sys=0.00s Real=0.00s
[2020-11-07T08:23:24.317-0800][gc,marking    ] GC(2) Concurrent Cleanup for Next Mark
[2020-11-07T08:23:24.331-0800][gc,marking    ] GC(2) Concurrent Cleanup for Next Mark 13.714ms
[2020-11-07T08:23:24.331-0800][gc            ] GC(2) Concurrent Cycle 95.997ms
[2020-11-07T08:23:25.137-0800][gc,start      ] GC(3) Pause Young (Normal) (G1 Evacuation Pause)
[2020-11-07T08:23:25.137-0800][gc,task       ] GC(3) Using 4 workers of 4 for evacuation
[2020-11-07T08:23:25.149-0800][gc,phases     ] GC(3)   Pre Evacuate Collection Set: 0.0ms
[2020-11-07T08:23:25.149-0800][gc,phases     ] GC(3)   Evacuate Collection Set: 10.5ms
[2020-11-07T08:23:25.149-0800][gc,phases     ] GC(3)   Post Evacuate Collection Set: 1.2ms
[2020-11-07T08:23:25.149-0800][gc,phases     ] GC(3)   Other: 0.3ms
[2020-11-07T08:23:25.149-0800][gc,heap       ] GC(3) Eden regions: 50->0(46)
[2020-11-07T08:23:25.149-0800][gc,heap       ] GC(3) Survivor regions: 1->5(7)
[2020-11-07T08:23:25.149-0800][gc,heap       ] GC(3) Old regions: 9->9
[2020-11-07T08:23:25.149-0800][gc,heap       ] GC(3) Humongous regions: 129->129
[2020-11-07T08:23:25.149-0800][gc,metaspace  ] GC(3) Metaspace: 30439K->30439K(1077248K)
[2020-11-07T08:23:25.149-0800][gc            ] GC(3) Pause Young (Normal) (G1 Evacuation Pause) 186M->140M(1024M) 12.229ms
[2020-11-07T08:23:25.150-0800][gc,cpu        ] GC(3) User=0.03s Sys=0.00s Real=0.01s
[2020-11-07T08:34:16.156-0800][gc,start      ] GC(4) Pause Young (Concurrent Start) (Metadata GC Threshold)
[2020-11-07T08:34:16.156-0800][gc,task       ] GC(4) Using 4 workers of 4 for evacuation
[2020-11-07T08:34:16.168-0800][gc,phases     ] GC(4)   Pre Evacuate Collection Set: 0.1ms
[2020-11-07T08:34:16.168-0800][gc,phases     ] GC(4)   Evacuate Collection Set: 10.7ms
[2020-11-07T08:34:16.168-0800][gc,phases     ] GC(4)   Post Evacuate Collection Set: 0.5ms
[2020-11-07T08:34:16.168-0800][gc,phases     ] GC(4)   Other: 0.3ms
[2020-11-07T08:34:16.168-0800][gc,heap       ] GC(4) Eden regions: 23->0(49)
[2020-11-07T08:34:16.168-0800][gc,heap       ] GC(4) Survivor regions: 5->2(7)
[2020-11-07T08:34:16.168-0800][gc,heap       ] GC(4) Old regions: 9->13
[2020-11-07T08:34:16.168-0800][gc,heap       ] GC(4) Humongous regions: 129->129
[2020-11-07T08:34:16.168-0800][gc,metaspace  ] GC(4) Metaspace: 34655K->34655K(1081344K)
[2020-11-07T08:34:16.168-0800][gc            ] GC(4) Pause Young (Concurrent Start) (Metadata GC Threshold) 162M->141M(1024M) 11.687ms
[2020-11-07T08:34:16.168-0800][gc,cpu        ] GC(4) User=0.04s Sys=0.00s Real=0.01s
[2020-11-07T08:34:16.168-0800][gc            ] GC(5) Concurrent Cycle
[2020-11-07T08:34:16.168-0800][gc,marking    ] GC(5) Concurrent Clear Claimed Marks
[2020-11-07T08:34:16.169-0800][gc,marking    ] GC(5) Concurrent Clear Claimed Marks 0.554ms
[2020-11-07T08:34:16.169-0800][gc,marking    ] GC(5) Concurrent Scan Root Regions
[2020-11-07T08:34:16.174-0800][gc,marking    ] GC(5) Concurrent Scan Root Regions 5.747ms
[2020-11-07T08:34:16.174-0800][gc,marking    ] GC(5) Concurrent Mark (653.693s)
[2020-11-07T08:34:16.174-0800][gc,marking    ] GC(5) Concurrent Mark From Roots
[2020-11-07T08:34:16.174-0800][gc,task       ] GC(5) Using 1 workers of 1 for marking
[2020-11-07T08:34:16.193-0800][gc,marking    ] GC(5) Concurrent Mark From Roots 18.908ms
[2020-11-07T08:34:16.193-0800][gc,marking    ] GC(5) Concurrent Preclean
[2020-11-07T08:34:16.193-0800][gc,marking    ] GC(5) Concurrent Preclean 0.137ms
[2020-11-07T08:34:16.193-0800][gc,marking    ] GC(5) Concurrent Mark (653.693s, 653.712s) 19.113ms
[2020-11-07T08:34:16.194-0800][gc,start      ] GC(5) Pause Remark
[2020-11-07T08:34:16.197-0800][gc,stringtable] GC(5) Cleaned string and symbol table, strings: 9581 processed, 10 removed, symbols: 79630 processed, 25 removed
[2020-11-07T08:34:16.197-0800][gc            ] GC(5) Pause Remark 142M->142M(1024M) 3.363ms
[2020-11-07T08:34:16.197-0800][gc,cpu        ] GC(5) User=0.01s Sys=0.00s Real=0.00s
[2020-11-07T08:34:16.197-0800][gc,marking    ] GC(5) Concurrent Rebuild Remembered Sets
[2020-11-07T08:34:16.211-0800][gc,marking    ] GC(5) Concurrent Rebuild Remembered Sets 14.233ms
[2020-11-07T08:34:16.211-0800][gc,start      ] GC(5) Pause Cleanup
[2020-11-07T08:34:16.212-0800][gc            ] GC(5) Pause Cleanup 143M->143M(1024M) 0.238ms
[2020-11-07T08:34:16.212-0800][gc,cpu        ] GC(5) User=0.00s Sys=0.00s Real=0.00s
[2020-11-07T08:34:16.212-0800][gc,marking    ] GC(5) Concurrent Cleanup for Next Mark
[2020-11-07T08:34:16.221-0800][gc,marking    ] GC(5) Concurrent Cleanup for Next Mark 9.392ms
[2020-11-07T08:34:16.221-0800][gc            ] GC(5) Concurrent Cycle 53.364ms
[2020-11-07T08:36:28.337-0800][gc,heap,exit  ] Heap
[2020-11-07T08:36:28.337-0800][gc,heap,exit  ]  garbage-first heap   total 1048576K, used 161237K [0x00000000c0000000, 0x0000000100000000)
[2020-11-07T08:36:28.337-0800][gc,heap,exit  ]   region size 1024K, 19 young (19456K), 2 survivors (2048K)
[2020-11-07T08:36:28.337-0800][gc,heap,exit  ]  Metaspace       used 36600K, capacity 38336K, committed 38428K, reserved 1081344K
[2020-11-07T08:36:28.337-0800][gc,heap,exit  ]   class space    used 4825K, capacity 5669K, committed 5712K, reserved 1048576K
