[2021-01-12T19:18:06.636-0800][gc,heap] Heap region size: 1M
[2021-01-12T19:18:06.645-0800][gc     ] Using G1
[2021-01-12T19:18:06.645-0800][gc,heap,coops] Heap address: 0x00000000c0000000, size: 1024 MB, Compressed Oops mode: 32-bit
[2021-01-12T19:18:06.646-0800][gc,cds       ] Mark closed archive regions in map: [0x00000000ffe00000, 0x00000000ffe69ff8]
[2021-01-12T19:18:06.646-0800][gc,cds       ] Mark open archive regions in map: [0x00000000ffc00000, 0x00000000ffc46ff8]
[2021-01-12T19:18:10.784-0800][gc,heap,exit ] Heap
[2021-01-12T19:18:10.784-0800][gc,heap,exit ]  garbage-first heap   total 1048576K, used 46788K [0x00000000c0000000, 0x0000000100000000)
[2021-01-12T19:18:10.784-0800][gc,heap,exit ]   region size 1024K, 46 young (47104K), 0 survivors (0K)
[2021-01-12T19:18:10.784-0800][gc,heap,exit ]  Metaspace       used 14350K, capacity 14809K, committed 15104K, reserved 1062912K
[2021-01-12T19:18:10.784-0800][gc,heap,exit ]   class space    used 2013K, capacity 2212K, committed 2304K, reserved 1048576K
