[2021-01-24T18:43:23.622-0800][gc,heap] Heap region size: 1M
[2021-01-24T18:43:23.631-0800][gc     ] Using G1
[2021-01-24T18:43:23.631-0800][gc,heap,coops] Heap address: 0x00000000c0000000, size: 1024 MB, Compressed Oops mode: 32-bit
[2021-01-24T18:43:23.631-0800][gc,cds       ] Mark closed archive regions in map: [0x00000000ffe00000, 0x00000000ffe69ff8]
[2021-01-24T18:43:23.631-0800][gc,cds       ] Mark open archive regions in map: [0x00000000ffc00000, 0x00000000ffc46ff8]
[2021-01-24T18:43:24.882-0800][gc,start     ] GC(0) Pause Young (Normal) (G1 Evacuation Pause)
[2021-01-24T18:43:24.883-0800][gc,task      ] GC(0) Using 8 workers of 8 for evacuation
[2021-01-24T18:43:24.894-0800][gc,phases    ] GC(0)   Pre Evacuate Collection Set: 0.0ms
[2021-01-24T18:43:24.894-0800][gc,phases    ] GC(0)   Evacuate Collection Set: 10.7ms
[2021-01-24T18:43:24.894-0800][gc,phases    ] GC(0)   Post Evacuate Collection Set: 0.6ms
[2021-01-24T18:43:24.895-0800][gc,phases    ] GC(0)   Other: 1.4ms
[2021-01-24T18:43:24.895-0800][gc,heap      ] GC(0) Eden regions: 51->0(44)
[2021-01-24T18:43:24.895-0800][gc,heap      ] GC(0) Survivor regions: 0->7(7)
[2021-01-24T18:43:24.895-0800][gc,heap      ] GC(0) Old regions: 2->2
[2021-01-24T18:43:24.895-0800][gc,heap      ] GC(0) Humongous regions: 0->0
[2021-01-24T18:43:24.895-0800][gc,metaspace ] GC(0) Metaspace: 16294K->16294K(1064960K)
[2021-01-24T18:43:24.895-0800][gc           ] GC(0) Pause Young (Normal) (G1 Evacuation Pause) 51M->6M(1024M) 12.757ms
[2021-01-24T18:43:24.895-0800][gc,cpu       ] GC(0) User=0.07s Sys=0.01s Real=0.01s
[2021-01-24T18:43:25.178-0800][gc,start     ] GC(1) Pause Young (Concurrent Start) (Metadata GC Threshold)
[2021-01-24T18:43:25.178-0800][gc,task      ] GC(1) Using 8 workers of 8 for evacuation
[2021-01-24T18:43:25.227-0800][gc,mmu       ] GC(1) MMU target violated: 21.0ms (20.0ms/21.0ms)
[2021-01-24T18:43:25.227-0800][gc,phases    ] GC(1)   Pre Evacuate Collection Set: 0.1ms
[2021-01-24T18:43:25.227-0800][gc,phases    ] GC(1)   Evacuate Collection Set: 47.7ms
[2021-01-24T18:43:25.227-0800][gc,phases    ] GC(1)   Post Evacuate Collection Set: 0.5ms
[2021-01-24T18:43:25.227-0800][gc,phases    ] GC(1)   Other: 0.3ms
[2021-01-24T18:43:25.227-0800][gc,heap      ] GC(1) Eden regions: 18->0(50)
[2021-01-24T18:43:25.227-0800][gc,heap      ] GC(1) Survivor regions: 7->1(7)
[2021-01-24T18:43:25.227-0800][gc,heap      ] GC(1) Old regions: 2->9
[2021-01-24T18:43:25.227-0800][gc,heap      ] GC(1) Humongous regions: 0->0
[2021-01-24T18:43:25.227-0800][gc,metaspace ] GC(1) Metaspace: 20575K->20575K(1067008K)
[2021-01-24T18:43:25.227-0800][gc           ] GC(1) Pause Young (Concurrent Start) (Metadata GC Threshold) 24M->7M(1024M) 48.640ms
[2021-01-24T18:43:25.227-0800][gc,cpu       ] GC(1) User=0.08s Sys=0.01s Real=0.05s
[2021-01-24T18:43:25.227-0800][gc           ] GC(2) Concurrent Cycle
[2021-01-24T18:43:25.227-0800][gc,marking   ] GC(2) Concurrent Clear Claimed Marks
[2021-01-24T18:43:25.227-0800][gc,marking   ] GC(2) Concurrent Clear Claimed Marks 0.044ms
[2021-01-24T18:43:25.227-0800][gc,marking   ] GC(2) Concurrent Scan Root Regions
[2021-01-24T18:43:25.228-0800][gc,marking   ] GC(2) Concurrent Scan Root Regions 0.863ms
[2021-01-24T18:43:25.228-0800][gc,marking   ] GC(2) Concurrent Mark (1.609s)
[2021-01-24T18:43:25.228-0800][gc,marking   ] GC(2) Concurrent Mark From Roots
[2021-01-24T18:43:25.228-0800][gc,task      ] GC(2) Using 2 workers of 2 for marking
[2021-01-24T18:43:25.243-0800][gc,marking   ] GC(2) Concurrent Mark From Roots 14.719ms
[2021-01-24T18:43:25.243-0800][gc,marking   ] GC(2) Concurrent Preclean
[2021-01-24T18:43:25.243-0800][gc,marking   ] GC(2) Concurrent Preclean 0.117ms
[2021-01-24T18:43:25.243-0800][gc,marking   ] GC(2) Concurrent Mark (1.609s, 1.624s) 14.894ms
[2021-01-24T18:43:25.245-0800][gc,start     ] GC(2) Pause Remark
[2021-01-24T18:43:25.265-0800][gc,stringtable] GC(2) Cleaned string and symbol table, strings: 4919 processed, 0 removed, symbols: 51311 processed, 53 removed
[2021-01-24T18:43:25.265-0800][gc,mmu        ] GC(2) MMU target violated: 20.3ms (20.0ms/21.0ms)
[2021-01-24T18:43:25.265-0800][gc            ] GC(2) Pause Remark 8M->8M(1024M) 20.378ms
[2021-01-24T18:43:25.265-0800][gc,cpu        ] GC(2) User=0.08s Sys=0.00s Real=0.02s
[2021-01-24T18:43:25.265-0800][gc,marking    ] GC(2) Concurrent Rebuild Remembered Sets
[2021-01-24T18:43:25.269-0800][gc,marking    ] GC(2) Concurrent Rebuild Remembered Sets 4.057ms
[2021-01-24T18:43:25.269-0800][gc,start      ] GC(2) Pause Cleanup
[2021-01-24T18:43:25.269-0800][gc            ] GC(2) Pause Cleanup 8M->8M(1024M) 0.234ms
[2021-01-24T18:43:25.269-0800][gc,cpu        ] GC(2) User=0.00s Sys=0.00s Real=0.00s
[2021-01-24T18:43:25.269-0800][gc,marking    ] GC(2) Concurrent Cleanup for Next Mark
[2021-01-24T18:43:25.271-0800][gc,marking    ] GC(2) Concurrent Cleanup for Next Mark 1.082ms
[2021-01-24T18:43:25.271-0800][gc            ] GC(2) Concurrent Cycle 43.743ms
[2021-01-24T18:43:26.121-0800][gc,start      ] GC(3) Pause Young (Normal) (G1 Evacuation Pause)
[2021-01-24T18:43:26.121-0800][gc,task       ] GC(3) Using 8 workers of 8 for evacuation
[2021-01-24T18:43:26.126-0800][gc,phases     ] GC(3)   Pre Evacuate Collection Set: 0.0ms
[2021-01-24T18:43:26.126-0800][gc,phases     ] GC(3)   Evacuate Collection Set: 4.5ms
[2021-01-24T18:43:26.126-0800][gc,phases     ] GC(3)   Post Evacuate Collection Set: 0.4ms
[2021-01-24T18:43:26.126-0800][gc,phases     ] GC(3)   Other: 0.2ms
[2021-01-24T18:43:26.126-0800][gc,heap       ] GC(3) Eden regions: 50->0(46)
[2021-01-24T18:43:26.126-0800][gc,heap       ] GC(3) Survivor regions: 1->5(7)
[2021-01-24T18:43:26.126-0800][gc,heap       ] GC(3) Old regions: 9->9
[2021-01-24T18:43:26.126-0800][gc,heap       ] GC(3) Humongous regions: 129->129
[2021-01-24T18:43:26.126-0800][gc,metaspace  ] GC(3) Metaspace: 29100K->29100K(1075200K)
[2021-01-24T18:43:26.126-0800][gc            ] GC(3) Pause Young (Normal) (G1 Evacuation Pause) 186M->140M(1024M) 5.139ms
[2021-01-24T18:43:26.126-0800][gc,cpu        ] GC(3) User=0.04s Sys=0.00s Real=0.00s
[2021-01-24T18:43:26.398-0800][gc,start      ] GC(4) Pause Young (Concurrent Start) (Metadata GC Threshold)
[2021-01-24T18:43:26.398-0800][gc,task       ] GC(4) Using 8 workers of 8 for evacuation
[2021-01-24T18:43:26.405-0800][gc,phases     ] GC(4)   Pre Evacuate Collection Set: 0.1ms
[2021-01-24T18:43:26.405-0800][gc,phases     ] GC(4)   Evacuate Collection Set: 6.8ms
[2021-01-24T18:43:26.405-0800][gc,phases     ] GC(4)   Post Evacuate Collection Set: 0.4ms
[2021-01-24T18:43:26.405-0800][gc,phases     ] GC(4)   Other: 0.2ms
[2021-01-24T18:43:26.405-0800][gc,heap       ] GC(4) Eden regions: 24->0(49)
[2021-01-24T18:43:26.405-0800][gc,heap       ] GC(4) Survivor regions: 5->2(7)
[2021-01-24T18:43:26.405-0800][gc,heap       ] GC(4) Old regions: 9->13
[2021-01-24T18:43:26.405-0800][gc,heap       ] GC(4) Humongous regions: 129->129
[2021-01-24T18:43:26.405-0800][gc,metaspace  ] GC(4) Metaspace: 34524K->34524K(1081344K)
[2021-01-24T18:43:26.405-0800][gc            ] GC(4) Pause Young (Concurrent Start) (Metadata GC Threshold) 163M->141M(1024M) 7.548ms
[2021-01-24T18:43:26.405-0800][gc,cpu        ] GC(4) User=0.03s Sys=0.00s Real=0.01s
[2021-01-24T18:43:26.405-0800][gc            ] GC(5) Concurrent Cycle
[2021-01-24T18:43:26.405-0800][gc,marking    ] GC(5) Concurrent Clear Claimed Marks
[2021-01-24T18:43:26.405-0800][gc,marking    ] GC(5) Concurrent Clear Claimed Marks 0.051ms
[2021-01-24T18:43:26.405-0800][gc,marking    ] GC(5) Concurrent Scan Root Regions
[2021-01-24T18:43:26.407-0800][gc,marking    ] GC(5) Concurrent Scan Root Regions 2.028ms
[2021-01-24T18:43:26.407-0800][gc,marking    ] GC(5) Concurrent Mark (2.789s)
[2021-01-24T18:43:26.407-0800][gc,marking    ] GC(5) Concurrent Mark From Roots
[2021-01-24T18:43:26.407-0800][gc,task       ] GC(5) Using 2 workers of 2 for marking
[2021-01-24T18:43:26.428-0800][gc,marking    ] GC(5) Concurrent Mark From Roots 20.254ms
[2021-01-24T18:43:26.428-0800][gc,marking    ] GC(5) Concurrent Preclean
[2021-01-24T18:43:26.428-0800][gc,marking    ] GC(5) Concurrent Preclean 0.145ms
[2021-01-24T18:43:26.428-0800][gc,marking    ] GC(5) Concurrent Mark (2.789s, 2.809s) 20.463ms
[2021-01-24T18:43:26.428-0800][gc,start      ] GC(5) Pause Remark
[2021-01-24T18:43:26.431-0800][gc,stringtable] GC(5) Cleaned string and symbol table, strings: 10727 processed, 10 removed, symbols: 80739 processed, 21 removed
[2021-01-24T18:43:26.432-0800][gc            ] GC(5) Pause Remark 143M->143M(1024M) 3.412ms
[2021-01-24T18:43:26.432-0800][gc,cpu        ] GC(5) User=0.02s Sys=0.00s Real=0.01s
[2021-01-24T18:43:26.432-0800][gc,marking    ] GC(5) Concurrent Rebuild Remembered Sets
[2021-01-24T18:43:26.441-0800][gc,marking    ] GC(5) Concurrent Rebuild Remembered Sets 9.779ms
[2021-01-24T18:43:26.443-0800][gc,start      ] GC(5) Pause Cleanup
[2021-01-24T18:43:26.443-0800][gc            ] GC(5) Pause Cleanup 144M->144M(1024M) 0.284ms
[2021-01-24T18:43:26.443-0800][gc,cpu        ] GC(5) User=0.00s Sys=0.00s Real=0.00s
[2021-01-24T18:43:26.443-0800][gc,marking    ] GC(5) Concurrent Cleanup for Next Mark
[2021-01-24T18:43:26.446-0800][gc,marking    ] GC(5) Concurrent Cleanup for Next Mark 2.856ms
[2021-01-24T18:43:26.446-0800][gc            ] GC(5) Concurrent Cycle 40.896ms
[2021-01-24T19:00:21.667-0800][gc,start      ] GC(6) Pause Young (Concurrent Start) (G1 Evacuation Pause)
[2021-01-24T19:00:21.667-0800][gc,task       ] GC(6) Using 8 workers of 8 for evacuation
[2021-01-24T19:00:21.672-0800][gc,phases     ] GC(6)   Pre Evacuate Collection Set: 0.2ms
[2021-01-24T19:00:21.672-0800][gc,phases     ] GC(6)   Evacuate Collection Set: 3.5ms
[2021-01-24T19:00:21.672-0800][gc,phases     ] GC(6)   Post Evacuate Collection Set: 0.6ms
[2021-01-24T19:00:21.672-0800][gc,phases     ] GC(6)   Other: 0.2ms
[2021-01-24T19:00:21.672-0800][gc,heap       ] GC(6) Eden regions: 49->0(48)
[2021-01-24T19:00:21.672-0800][gc,heap       ] GC(6) Survivor regions: 2->3(7)
[2021-01-24T19:00:21.672-0800][gc,heap       ] GC(6) Old regions: 13->13
[2021-01-24T19:00:21.672-0800][gc,heap       ] GC(6) Humongous regions: 153->129
[2021-01-24T19:00:21.672-0800][gc,metaspace  ] GC(6) Metaspace: 38706K->38706K(1083392K)
[2021-01-24T19:00:21.672-0800][gc            ] GC(6) Pause Young (Concurrent Start) (G1 Evacuation Pause) 214M->143M(1024M) 4.516ms
[2021-01-24T19:00:21.672-0800][gc,cpu        ] GC(6) User=0.02s Sys=0.00s Real=0.01s
[2021-01-24T19:00:21.672-0800][gc            ] GC(7) Concurrent Cycle
[2021-01-24T19:00:21.672-0800][gc,marking    ] GC(7) Concurrent Clear Claimed Marks
[2021-01-24T19:00:21.672-0800][gc,marking    ] GC(7) Concurrent Clear Claimed Marks 0.083ms
[2021-01-24T19:00:21.672-0800][gc,marking    ] GC(7) Concurrent Scan Root Regions
[2021-01-24T19:00:21.674-0800][gc,marking    ] GC(7) Concurrent Scan Root Regions 1.771ms
[2021-01-24T19:00:21.674-0800][gc,marking    ] GC(7) Concurrent Mark (1018.055s)
[2021-01-24T19:00:21.674-0800][gc,marking    ] GC(7) Concurrent Mark From Roots
[2021-01-24T19:00:21.674-0800][gc,task       ] GC(7) Using 2 workers of 2 for marking
[2021-01-24T19:00:21.682-0800][gc,marking    ] GC(7) Concurrent Mark From Roots 8.341ms
[2021-01-24T19:00:21.682-0800][gc,marking    ] GC(7) Concurrent Preclean
[2021-01-24T19:00:21.682-0800][gc,marking    ] GC(7) Concurrent Preclean 0.227ms
[2021-01-24T19:00:21.682-0800][gc,marking    ] GC(7) Concurrent Mark (1018.055s, 1018.063s) 8.624ms
[2021-01-24T19:00:21.682-0800][gc,start      ] GC(7) Pause Remark
[2021-01-24T19:00:21.688-0800][gc,stringtable] GC(7) Cleaned string and symbol table, strings: 11840 processed, 302 removed, symbols: 83509 processed, 2 removed
[2021-01-24T19:00:21.688-0800][gc            ] GC(7) Pause Remark 143M->143M(1024M) 5.756ms
[2021-01-24T19:00:21.688-0800][gc,cpu        ] GC(7) User=0.03s Sys=0.00s Real=0.00s
[2021-01-24T19:00:21.688-0800][gc,marking    ] GC(7) Concurrent Rebuild Remembered Sets
[2021-01-24T19:00:21.693-0800][gc,marking    ] GC(7) Concurrent Rebuild Remembered Sets 4.492ms
[2021-01-24T19:00:21.693-0800][gc,start      ] GC(7) Pause Cleanup
[2021-01-24T19:00:21.693-0800][gc            ] GC(7) Pause Cleanup 143M->143M(1024M) 0.172ms
[2021-01-24T19:00:21.693-0800][gc,cpu        ] GC(7) User=0.00s Sys=0.00s Real=0.00s
[2021-01-24T19:00:21.693-0800][gc,marking    ] GC(7) Concurrent Cleanup for Next Mark
[2021-01-24T19:00:21.694-0800][gc,marking    ] GC(7) Concurrent Cleanup for Next Mark 0.524ms
[2021-01-24T19:00:21.694-0800][gc            ] GC(7) Concurrent Cycle 21.960ms
[2021-01-24T19:33:51.667-0800][gc,start      ] GC(8) Pause Young (Normal) (G1 Evacuation Pause)
[2021-01-24T19:33:51.667-0800][gc,task       ] GC(8) Using 8 workers of 8 for evacuation
[2021-01-24T19:33:51.672-0800][gc,phases     ] GC(8)   Pre Evacuate Collection Set: 0.1ms
[2021-01-24T19:33:51.672-0800][gc,phases     ] GC(8)   Evacuate Collection Set: 3.0ms
[2021-01-24T19:33:51.672-0800][gc,phases     ] GC(8)   Post Evacuate Collection Set: 1.5ms
[2021-01-24T19:33:51.672-0800][gc,phases     ] GC(8)   Other: 0.2ms
[2021-01-24T19:33:51.672-0800][gc,heap       ] GC(8) Eden regions: 48->0(48)
[2021-01-24T19:33:51.672-0800][gc,heap       ] GC(8) Survivor regions: 3->3(7)
[2021-01-24T19:33:51.672-0800][gc,heap       ] GC(8) Old regions: 13->13
[2021-01-24T19:33:51.672-0800][gc,heap       ] GC(8) Humongous regions: 129->129
[2021-01-24T19:33:51.672-0800][gc,metaspace  ] GC(8) Metaspace: 38847K->38847K(1085440K)
[2021-01-24T19:33:51.672-0800][gc            ] GC(8) Pause Young (Normal) (G1 Evacuation Pause) 191M->142M(1024M) 4.816ms
[2021-01-24T19:33:51.672-0800][gc,cpu        ] GC(8) User=0.02s Sys=0.00s Real=0.01s
[2021-01-24T20:08:53.605-0800][gc,start      ] GC(9) Pause Young (Normal) (G1 Evacuation Pause)
[2021-01-24T20:08:53.605-0800][gc,task       ] GC(9) Using 8 workers of 8 for evacuation
[2021-01-24T20:08:53.609-0800][gc,phases     ] GC(9)   Pre Evacuate Collection Set: 0.0ms
[2021-01-24T20:08:53.609-0800][gc,phases     ] GC(9)   Evacuate Collection Set: 2.1ms
[2021-01-24T20:08:53.609-0800][gc,phases     ] GC(9)   Post Evacuate Collection Set: 1.5ms
[2021-01-24T20:08:53.609-0800][gc,phases     ] GC(9)   Other: 0.2ms
[2021-01-24T20:08:53.609-0800][gc,heap       ] GC(9) Eden regions: 48->0(48)
[2021-01-24T20:08:53.609-0800][gc,heap       ] GC(9) Survivor regions: 3->3(7)
[2021-01-24T20:08:53.609-0800][gc,heap       ] GC(9) Old regions: 13->13
[2021-01-24T20:08:53.609-0800][gc,heap       ] GC(9) Humongous regions: 129->129
[2021-01-24T20:08:53.609-0800][gc,metaspace  ] GC(9) Metaspace: 38933K->38933K(1085440K)
[2021-01-24T20:08:53.609-0800][gc            ] GC(9) Pause Young (Normal) (G1 Evacuation Pause) 190M->143M(1024M) 3.936ms
[2021-01-24T20:08:53.609-0800][gc,cpu        ] GC(9) User=0.02s Sys=0.00s Real=0.00s
[2021-01-24T20:44:11.072-0800][gc,start      ] GC(10) Pause Young (Normal) (G1 Evacuation Pause)
[2021-01-24T20:44:11.072-0800][gc,task       ] GC(10) Using 8 workers of 8 for evacuation
[2021-01-24T20:44:11.075-0800][gc,phases     ] GC(10)   Pre Evacuate Collection Set: 0.0ms
[2021-01-24T20:44:11.075-0800][gc,phases     ] GC(10)   Evacuate Collection Set: 2.0ms
[2021-01-24T20:44:11.075-0800][gc,phases     ] GC(10)   Post Evacuate Collection Set: 1.2ms
[2021-01-24T20:44:11.075-0800][gc,phases     ] GC(10)   Other: 0.2ms
[2021-01-24T20:44:11.075-0800][gc,heap       ] GC(10) Eden regions: 48->0(51)
[2021-01-24T20:44:11.075-0800][gc,heap       ] GC(10) Survivor regions: 3->3(7)
[2021-01-24T20:44:11.075-0800][gc,heap       ] GC(10) Old regions: 13->13
[2021-01-24T20:44:11.075-0800][gc,heap       ] GC(10) Humongous regions: 129->129
[2021-01-24T20:44:11.075-0800][gc,metaspace  ] GC(10) Metaspace: 38986K->38986K(1085440K)
[2021-01-24T20:44:11.075-0800][gc            ] GC(10) Pause Young (Normal) (G1 Evacuation Pause) 191M->143M(1024M) 3.457ms
[2021-01-24T20:44:11.075-0800][gc,cpu        ] GC(10) User=0.02s Sys=0.00s Real=0.00s
