[2021-01-12T19:17:29.780-0800][gc,heap] Heap region size: 1M
[2021-01-12T19:17:29.788-0800][gc     ] Using G1
[2021-01-12T19:17:29.788-0800][gc,heap,coops] Heap address: 0x00000000c0000000, size: 1024 MB, Compressed Oops mode: 32-bit
[2021-01-12T19:17:29.788-0800][gc,cds       ] Mark closed archive regions in map: [0x00000000ffe00000, 0x00000000ffe69ff8]
[2021-01-12T19:17:29.788-0800][gc,cds       ] Mark open archive regions in map: [0x00000000ffc00000, 0x00000000ffc46ff8]
[2021-01-12T19:17:30.465-0800][gc,heap,exit ] Heap
[2021-01-12T19:17:30.465-0800][gc,heap,exit ]  garbage-first heap   total 1048576K, used 27332K [0x00000000c0000000, 0x0000000100000000)
[2021-01-12T19:17:30.465-0800][gc,heap,exit ]   region size 1024K, 27 young (27648K), 0 survivors (0K)
[2021-01-12T19:17:30.466-0800][gc,heap,exit ]  Metaspace       used 9403K, capacity 9673K, committed 9856K, reserved 1058816K
[2021-01-12T19:17:30.466-0800][gc,heap,exit ]   class space    used 1252K, capacity 1358K, committed 1408K, reserved 1048576K
