[2020-11-07T08:17:35.509-0800][gc,heap] Heap region size: 1M
[2020-11-07T08:17:35.515-0800][gc     ] Using G1
[2020-11-07T08:17:35.515-0800][gc,heap,coops] Heap address: 0x00000000e0000000, size: 512 MB, Compressed Oops mode: 32-bit
[2020-11-07T08:17:35.516-0800][gc,cds       ] Mark closed archive regions in map: [0x00000000fff00000, 0x00000000fff6aff8]
[2020-11-07T08:17:35.516-0800][gc,cds       ] Mark open archive regions in map: [0x00000000ffe00000, 0x00000000ffe46ff8]
[2020-11-07T08:23:23.690-0800][gc,start     ] GC(0) Pause Young (Normal) (G1 Evacuation Pause)
[2020-11-07T08:23:23.691-0800][gc,task      ] GC(0) Using 4 workers of 4 for evacuation
[2020-11-07T08:23:23.705-0800][gc,phases    ] GC(0)   Pre Evacuate Collection Set: 0.0ms
[2020-11-07T08:23:23.705-0800][gc,phases    ] GC(0)   Evacuate Collection Set: 13.3ms
[2020-11-07T08:23:23.705-0800][gc,phases    ] GC(0)   Post Evacuate Collection Set: 0.4ms
[2020-11-07T08:23:23.705-0800][gc,phases    ] GC(0)   Other: 0.6ms
[2020-11-07T08:23:23.705-0800][gc,heap      ] GC(0) Eden regions: 25->0(21)
[2020-11-07T08:23:23.705-0800][gc,heap      ] GC(0) Survivor regions: 0->4(4)
[2020-11-07T08:23:23.705-0800][gc,heap      ] GC(0) Old regions: 2->4
[2020-11-07T08:23:23.705-0800][gc,heap      ] GC(0) Humongous regions: 0->0
[2020-11-07T08:23:23.705-0800][gc,metaspace ] GC(0) Metaspace: 7699K->7699K(1056768K)
[2020-11-07T08:23:23.705-0800][gc           ] GC(0) Pause Young (Normal) (G1 Evacuation Pause) 25M->5M(512M) 14.439ms
[2020-11-07T08:23:23.705-0800][gc,cpu       ] GC(0) User=0.05s Sys=0.01s Real=0.01s
[2020-11-07T08:36:30.739-0800][gc,heap,exit ] Heap
[2020-11-07T08:36:30.739-0800][gc,heap,exit ]  garbage-first heap   total 524288K, used 10183K [0x00000000e0000000, 0x0000000100000000)
[2020-11-07T08:36:30.739-0800][gc,heap,exit ]   region size 1024K, 9 young (9216K), 4 survivors (4096K)
[2020-11-07T08:36:30.739-0800][gc,heap,exit ]  Metaspace       used 8106K, capacity 8399K, committed 8448K, reserved 1056768K
[2020-11-07T08:36:30.739-0800][gc,heap,exit ]   class space    used 902K, capacity 1015K, committed 1024K, reserved 1048576K
