[2021-01-24T18:41:48.222-0800][gc,heap] Heap region size: 1M
[2021-01-24T18:41:48.228-0800][gc     ] Using G1
[2021-01-24T18:41:48.228-0800][gc,heap,coops] Heap address: 0x00000000e0000000, size: 512 MB, Compressed Oops mode: 32-bit
[2021-01-24T18:41:48.228-0800][gc,cds       ] Mark closed archive regions in map: [0x00000000ffe00000, 0x00000000ffe69ff8]
[2021-01-24T18:41:48.228-0800][gc,cds       ] Mark open archive regions in map: [0x00000000ffc00000, 0x00000000ffc46ff8]
[2021-01-24T18:43:24.768-0800][gc,start     ] GC(0) Pause Young (Normal) (G1 Evacuation Pause)
[2021-01-24T18:43:24.769-0800][gc,task      ] GC(0) Using 8 workers of 8 for evacuation
[2021-01-24T18:43:24.780-0800][gc,phases    ] GC(0)   Pre Evacuate Collection Set: 0.0ms
[2021-01-24T18:43:24.780-0800][gc,phases    ] GC(0)   Evacuate Collection Set: 10.1ms
[2021-01-24T18:43:24.780-0800][gc,phases    ] GC(0)   Post Evacuate Collection Set: 0.5ms
[2021-01-24T18:43:24.780-0800][gc,phases    ] GC(0)   Other: 0.9ms
[2021-01-24T18:43:24.780-0800][gc,heap      ] GC(0) Eden regions: 25->0(21)
[2021-01-24T18:43:24.780-0800][gc,heap      ] GC(0) Survivor regions: 0->4(4)
[2021-01-24T18:43:24.780-0800][gc,heap      ] GC(0) Old regions: 2->4
[2021-01-24T18:43:24.780-0800][gc,heap      ] GC(0) Humongous regions: 0->0
[2021-01-24T18:43:24.780-0800][gc,metaspace ] GC(0) Metaspace: 7632K->7632K(1056768K)
[2021-01-24T18:43:24.780-0800][gc           ] GC(0) Pause Young (Normal) (G1 Evacuation Pause) 25M->5M(512M) 11.662ms
[2021-01-24T18:43:24.780-0800][gc,cpu       ] GC(0) User=0.06s Sys=0.01s Real=0.01s
