[2021-01-12T19:11:54.219-0800][gc,heap] Heap region size: 1M
[2021-01-12T19:11:54.223-0800][gc     ] Using G1
[2021-01-12T19:11:54.223-0800][gc,heap,coops] Heap address: 0x00000000e0000000, size: 512 MB, Compressed Oops mode: 32-bit
[2021-01-12T19:11:54.224-0800][gc,cds       ] Mark closed archive regions in map: [0x00000000ffe00000, 0x00000000ffe69ff8]
[2021-01-12T19:11:54.224-0800][gc,cds       ] Mark open archive regions in map: [0x00000000ffc00000, 0x00000000ffc46ff8]
[2021-01-12T19:11:57.776-0800][gc,heap,exit ] Heap
[2021-01-12T19:11:57.776-0800][gc,heap,exit ]  garbage-first heap   total 524288K, used 25284K [0x00000000e0000000, 0x0000000100000000)
[2021-01-12T19:11:57.776-0800][gc,heap,exit ]   region size 1024K, 25 young (25600K), 0 survivors (0K)
[2021-01-12T19:11:57.776-0800][gc,heap,exit ]  Metaspace       used 7440K, capacity 7760K, committed 7936K, reserved 1056768K
[2021-01-12T19:11:57.776-0800][gc,heap,exit ]   class space    used 846K, capacity 972K, committed 1024K, reserved 1048576K
