[2021-01-12T19:08:01.445-0800][gc,heap] Heap region size: 1M
[2021-01-12T19:08:01.450-0800][gc     ] Using G1
[2021-01-12T19:08:01.450-0800][gc,heap,coops] Heap address: 0x00000000e0000000, size: 512 MB, Compressed Oops mode: 32-bit
[2021-01-12T19:08:01.450-0800][gc,cds       ] Mark closed archive regions in map: [0x00000000ffe00000, 0x00000000ffe69ff8]
[2021-01-12T19:08:01.450-0800][gc,cds       ] Mark open archive regions in map: [0x00000000ffc00000, 0x00000000ffc46ff8]
[2021-01-12T19:08:01.944-0800][gc,heap,exit ] Heap
[2021-01-12T19:08:01.944-0800][gc,heap,exit ]  garbage-first heap   total 524288K, used 16068K [0x00000000e0000000, 0x0000000100000000)
[2021-01-12T19:08:01.944-0800][gc,heap,exit ]   region size 1024K, 16 young (16384K), 0 survivors (0K)
[2021-01-12T19:08:01.944-0800][gc,heap,exit ]  Metaspace       used 6127K, capacity 6397K, committed 6528K, reserved 1056768K
[2021-01-12T19:08:01.944-0800][gc,heap,exit ]   class space    used 708K, capacity 837K, committed 896K, reserved 1048576K
